// Jest Snapshot v1, https://goo.gl/fbAQLP

exports[`App Component Tests should match snapshot 1`] = `ShallowWrapper {}`;
